Script started on Tue 21 Oct 2014 04:05:23 PM PDT
~
hlao002@hammer $ cd CS100/rshell
~/CS100/rshell
hlao002@hammer $ bin/rshell
hlao002@hammer.cs.ucr.edu$ #testing single commands
hlao002@hammer.cs.ucr.edu$ 
hlao002@hammer.cs.ucr.edu$ ls
bin  LICENSE  Makefile	README.md  src	test
hlao002@hammer.cs.ucr.edu$ pwd
/home/csmajs/hlao002/CS100/rshell
hlao002@hammer.cs.ucr.edu$ echo cat
cat
hlao002@hammer.cs.ucr.edu$ echo exit
exit
hlao002@hammer.cs.ucr.edu$ echo ; e |exit
|exit
hlao002@hammer.cs.ucr.edu$ mkdir
mkdir: missing operand
Try `mkdir --help' for more information.
hlao002@hammer.cs.ucr.edu$ rmdkr  ir
rmdir: missing operand
Try `rmdir --help' for more information.
hlao002@hammer.cs.ucr.edu$ ec  man pie
No manual entry for pie
hlao002@hammer.cs.ucr.edu$ ejsdk
execvp: No such file or directory
hlao002@hammer.cs.ucr.edu$ djked
execvp: No such file or directory
hlao002@hammer.cs.ucr.edu$ #testing multiple arug  guments with single command
hlao002@hammer.cs.ucr.edu$ 
hlao002@hammer.cs.ucr.edu$ ls -a
.  ..  bin  .git  LICENSE  Makefile  README.md	src  test
hlao002@hammer.cs.ucr.edu$ m echo cats and dogs
cats and dogs
hlao002@hammer.cs.ucr.edu$ echo cats      and     dogs
cats and dogs
hlao002@hammer.cs.ucr.edu$ ls -a -b -  l
total 36
drwx------ 6 hlao002 csmajs 4096 Oct 21 15:57 .
drwx------ 3 hlao002 csmajs 4096 Oct 21 15:49 ..
drwx------ 2 hlao002 csmajs 4096 Oct 21 16:04 bin
drwx------ 8 hlao002 csmajs 4096 Oct 21 15:49 .git
-rw------- 1 hlao002 csmajs  101 Oct 21 15:49 LICENSE
-rw------- 1 hlao002 csmajs  259 Oct 21 15:49 Makefile
-rw------- 1 hlao002 csmajs 3056 Oct 21 15:49 README.md
drwx------ 2 hlao002 csmajs 4096 Oct 21 16:04 src
drwx------ 2 hlao002 csmajs 4096 Oct 21 16:05 test
hlao002@hammer.cs.ucr.edu$ pwd
/home/csmajs/hlao002/CS100/rshell
hlao002@hammer.cs.ucr.edu$ ls -she ould - not - wo   work
ls: invalid line width: ork
hlao002@hammer.cs.ucr.edu$ #testing s commands with connectors
hlao002@hammer.cs.ucr.edu$ mk di     mkdir rshell2 ; pwd;  ; rm  ls ; rmdir rshell2
/home/csmajs/hlao002/CS100/rshell
bin  LICENSE  Makefile	README.md  rshell2  src  test
hlao002@hammer.cs.ucr.edu$ ls ; echo chesse its
bin  LICENSE  Makefile	README.md  src	test
chesse its
hlao002@hammer.cs.ucr.edu$ echo irish wrist watch ; echp   o pie ; man chesse
irish wrist watch
pie
No manual entry for chesse
hlao002@hammer.cs.ucr.edu$ #testing commands with "&&" connectors
hlao002@hammer.cs.ucr.edu$ w pwd && echo pie
/home/csmajs/hlao002/CS100/rshell
pie
hlao002@hammer.cs.ucr.edu$ pwd && echo pie && man cat ke && echo broken
/home/csmajs/hlao002/CS100/rshell
pie
No manual entry for cake
hlao002@hammer.cs.ucr.edu$ ls -a && echo chesse
.  ..  bin  .git  LICENSE  Makefile  README.md	src  test
chesse
hlao002@hammer.cs.ucr.edu$ man pie && echo should not work
No manual entry for pie
hlao002@hammer.cs.ucr.edu$ #tesst  ting          
hlao002@hammer.cs.ucr.edu$ #testing en  commands with connect  ors "||"
hlao002@hammer.cs.ucr.edu$ 
hlao002@hammer.cs.ucr.edu$ echo cat || man pie
cat
hlao002@hammer.cs.ucr.edu$ echo cat || eh  echo chesse
cat
hlao002@hammer.cs.ucr.edu$ mn   an pie || pwd
No manual entry for pie
/home/csmajs/hlao002/CS100/rshell
hlao002@hammer.cs.ucr.edu$ man pie || man cake || djedk || echo cat
No manual entry for pie
No manual entry for cake
execvp: No such file or directory
cat
hlao002@hammer.cs.ucr.edu$ man CE ATESJ || echo pie || man wait
No manual entry for CATESJ
pie
hlao002@hammer.cs.ucr.edu$ man test ||           exit    man cake ||             echo pie || man wait || man pie
pie
hlao002@hammer.cs.ucr.edu$ #testing connectors p spacing with ot  commands
hlao002@hammer.cs.ucr.edu$ ls -a; echo cat
.  ..  bin  .git  LICENSE  Makefile  README.md	src  test
cat
hlao002@hammer.cs.ucr.edu$ pwd; echo pie;  ;         ; echo man  ;;  its good
/home/csmajs/hlao002/CS100/rshell
pie
man
execvp: No such file or directory
hlao002@hammer.cs.ucr.edu$ a man pe ie&& echo cat
No manual entry for pie
hlao002@hammer.cs.ucr.edu$ m wait    echo cat     &&&                &     man pie       ex cho wa  vs&& echo dogs
cat
vs
dogs
hlao002@hammer.cs.ucr.edu$ && pie   echo ca          echo cat ||     || echo pie
cat
hlao002@hammer.cs.ucr.edu$ man waisd     sutf   tuu ff?     ||  echo pe ie
No manual entry for stuff?
pie
hlao002@hammer.cs.ucr.edu$ man youuuuuu || man annd  || MEEE    echo pei  ie
No manual entry for youuuuuu
No manual entry for annd
pie
hlao002@hammer.cs.ucr.edu$ #tet sting incorrect placement of connectors and empty commands
hlao002@hammer.cs.ucr.edu$ ;exit
bash: syntax error near unexpected token ';'
hlao002@hammer.cs.ucr.edu$ ;echo        echo cat
bash: syntax error near unexpected token ';'
hlao002@hammer.cs.ucr.edu$ ;echo cat    ; echo dog
bash: syntax error near unexpected token ';'
hlao002@hammer.cs.ucr.edu$ echo cat ; echo dog;;;   ;
cat
dog
hlao002@hammer.cs.ucr.edu$ echo cat ;;; echo dog
bash: syntax error near unexpected token ';'
hlao002@hammer.cs.ucr.edu$ echo cat ;; echo dog
bash: syntax error near unexpected token ';'
hlao002@hammer.cs.ucr.edu$ ca  banana ; e   ca  echo chesse  e se; echo dog;;
execvp: No such file or directory
chesse
dog
hlao002@hammer.cs.ucr.edu$ && echo cat 
bash: syntax error near unexpected token '&&'
hlao002@hammer.cs.ucr.edu$ &&echo dog echo dog
bash: syntax error near unexpected token '&&'
hlao002@hammer.cs.ucr.edu$ &&echo || echo dog           &  & echo dog
bash: syntax error near unexpected token '&&'
hlao002@hammer.cs.ucr.edu$ || echo cat
bash: syntax error near unexpected token '||'
hlao002@hammer.cs.ucr.edu$ #test exit
hlao002@hammer.cs.ucr.edu$ ;exit
bash: syntax error near unexpected token ';'
hlao002@hammer.cs.ucr.edu$ exi   echo cat || exit
cat
hlao002@hammer.cs.ucr.edu$ man pie || exit
No manual entry for pie
~/CS100/rshell
hlao002@hammer $ bin/rshell
hlao002@hammer.cs.ucr.edu$ man   echo c cat && exit        && echo    echo dog    &&exit
cat
dog
~/CS100/rshell
hlao002@hammer $ binr[K/rshell
hlao002@hammer.cs.ucr.edu$ exit;
~/CS100/rshell
hlao002@hammer $ bin/rh[Kshell
hlao002@hammer.cs.ucr.edu$ ;
hlao002@hammer.cs.ucr.edu$ # #test comments
hlao002@hammer.cs.ucr.edu$ echo cat # && #echo dog
cat
hlao002@hammer.cs.ucr.edu$ pwd && echo cat && e    #&&echo dog
/home/csmajs/hlao002/CS100/rshell
cat
hlao002@hammer.cs.ucr.edu$ #echo cat && echo dog
hlao002@hammer.cs.ucr.edu$ #test use of differenet     rent connectors in same command (priority list                        
hlao002@hammer.cs.ucr.edu$ #b (behavior should e be same as READM> E.md l   list)
hlao002@hammer.cs.ucr.edu$ echo cat ;   && echo dog ; echo chesse
cat && echo dog
chesse
hlao002@hammer.cs.ucr.edu$ pwd & ; echo cat &&             e ls -a && echo cat
/home/csmajs/hlao002/CS100/rshell
ls: cannot access &&: No such file or directory
ls: cannot access echo: No such file or directory
ls: cannot access cat: No such file or directory
hlao002@hammer.cs.ucr.edu$ pwd &&      man wait || e         pei    ie || man exit && echo cat
No manual entry for pie
No manual entry for ||
7[?47h[?1h=man(1)                                                                  man(1)

[1mNAME[m
       man - format and display the on-line manual pages

[1mSYNOPSIS[m
       [1mman[m  [[1m-acdfFhkKtwW[m]  [[1m--path[m]  [[1m-m[m [4msystem[m] [[1m-p[m [4mstring[m] [[1m-C[m [4mconfig_file[m]
       [[1m-M[m [4mpathlist[m] [[1m-P[m [4mpager[m] [[1m-B[m [4mbrowser[m] [[1m-H[m [4mhtmlpager[m] [[1m-S[m  [4msection_list[m]
       [[4msection[m] [4mname[m [4m...[m

[1mDESCRIPTION[m
       [1mman[m formats and displays the on-line manual pages.  If you specify [4msec-[m
       [4mtion[m, [1mman[m only looks in that section of the manual.  [4mname[m  is  normally
       the  name of the manual page, which is typically the name of a command,
       function, or file.  However, if [4mname[m contains  a  slash  ([1m/[m)  then  [1mman[m
       interprets  it  as a file specification, so that you can do [1mman[m [1m./foo.5[m
       or even [1mman[m [1m/cd/foo/bar.1.gz[m.

       See below for a description of where [1mman[m  looks  for  the  manual  page
       files.

[1mMANUAL[m [1mSECTIONS[m
       The standard sections of the manual include:
:[K[K[?1l>[2J[?47l87[?47h[?1h=BASH_BUILTINS(1)                                              BASH_BUILTINS(1)

[1mNAME[m
       bash,  :,  .,  [, alias, bg, bind, break, builtin, caller, cd, command,
       compgen, complete, compopt,  continue,  declare,  dirs,  disown,  echo,
       enable,  eval,  exec, exit, export, false, fc, fg, getopts, hash, help,
       history, jobs, kill, let, local, logout, mapfile, popd, printf,  pushd,
       pwd,  read, readonly, return, set, shift, shopt, source, suspend, test,
       times, trap, true, type, typeset, ulimit, umask, unalias, unset, wait -
       bash built-in commands, see [1mbash[m(1)

[1mBASH[m [1mBUILTIN[m [1mCOMMANDS[m
       Unless otherwise noted, each builtin command documented in this section
       as accepting options preceded by [1m-[m accepts [1m--[m to signify the end of the
       options.   The  [1m:[m, [1mtrue[m, [1mfalse[m, and [1mtest[m builtins do not accept options
       and do not treat [1m--[m specially.  The [1mexit[m, [1mlogout[m, [1mbreak[m, [1mcontinue[m, [1mlet[m,
       and  [1mshift[m builtins accept and process arguments beginning with [1m-[m with-
       out requiring [1m--[m.  Other builtins that accept  arguments  but  are  not
       specified  as accepting options interpret arguments beginning with [1m-[m as
       invalid options and require [1m--[m to prevent this interpretation.
       [1m:[m [[4marguments[m]
              No effect; the command does nothing beyond  expanding  [4marguments[m
              and  performing any specified redirections.  A zero exit code is
:[K[K[?1l>[2J[?47l8cat
hlao002@hammer.cs.ucr.edu$ echo pie || echo cat && echo chesse
pie || echo cat
chesse
hlao002@hammer.cs.ucr.edu$ #test complete
hlao002@hammer.cs.ucr.edu$ exit
~/CS100/rshell
hlao002@hammer $ exit
exit

Script done on Tue 21 Oct 2014 04:40:19 PM PDT
